Commit automático Fri Jan  2 17:04:04 UTC 2026
Commit automático Sat Jan  3 13:24:57 UTC 2026
Commit automático Sun Jan  4 13:25:52 UTC 2026
Commit automático Sun Jan  4 23:44:26 UTC 2026
Commit automático Mon Jan  5 13:36:31 UTC 2026
Commit automático Tue Jan  6 13:33:05 UTC 2026
Commit automático Wed Jan  7 13:35:16 UTC 2026
Commit automático Thu Jan  8 13:36:34 UTC 2026
Commit automático Fri Jan  9 13:33:51 UTC 2026
Commit automático Sat Jan 10 13:25:06 UTC 2026
Commit automático Sun Jan 11 13:25:53 UTC 2026
Commit automático Mon Jan 12 13:37:49 UTC 2026
Commit automático Tue Jan 13 13:36:50 UTC 2026
Commit automático Wed Jan 14 13:36:03 UTC 2026
Commit automático Thu Jan 15 13:35:33 UTC 2026
Commit automático Fri Jan 16 13:33:25 UTC 2026
Commit automático Sat Jan 17 13:24:47 UTC 2026
Commit automático Sun Jan 18 13:24:40 UTC 2026
Commit automático Mon Jan 19 13:40:31 UTC 2026
Commit automático Tue Jan 20 13:41:24 UTC 2026
Commit automático Wed Jan 21 13:40:10 UTC 2026
Commit automático Thu Jan 22 13:41:20 UTC 2026
Commit automático Fri Jan 23 13:37:58 UTC 2026
Commit automático Sat Jan 24 13:26:29 UTC 2026
Commit automático Sun Jan 25 13:28:19 UTC 2026
Commit automático Mon Jan 26 13:39:29 UTC 2026
Commit automático Tue Jan 27 13:41:15 UTC 2026
Commit automático Wed Jan 28 13:42:35 UTC 2026
Commit automático Thu Jan 29 13:55:26 UTC 2026
Commit automático Fri Jan 30 13:50:45 UTC 2026
Commit automático Sat Jan 31 13:37:02 UTC 2026
Commit automático Sun Feb  1 13:38:20 UTC 2026
Commit automático Mon Feb  2 13:57:39 UTC 2026
Commit automático Tue Feb  3 13:59:41 UTC 2026
Commit automático Wed Feb  4 13:58:44 UTC 2026
Commit automático Thu Feb  5 14:01:26 UTC 2026
Commit automático Fri Feb  6 13:57:23 UTC 2026
Commit automático Sat Feb  7 13:38:43 UTC 2026
Commit automático Sun Feb  8 13:39:48 UTC 2026
Commit automático Mon Feb  9 14:18:40 UTC 2026
Commit automático Tue Feb 10 14:19:21 UTC 2026
Commit automático Wed Feb 11 14:13:04 UTC 2026
Commit automático Thu Feb 12 14:07:19 UTC 2026
Commit automático Fri Feb 13 13:57:36 UTC 2026
Commit automático Sat Feb 14 13:39:18 UTC 2026
Commit automático Sun Feb 15 13:40:26 UTC 2026
Commit automático Mon Feb 16 14:01:35 UTC 2026
Commit automático Tue Feb 17 14:02:28 UTC 2026
Commit automático Wed Feb 18 14:03:22 UTC 2026
Commit automático Thu Feb 19 14:05:01 UTC 2026
Commit automático Fri Feb 20 13:56:02 UTC 2026
Commit automático Sat Feb 21 13:37:14 UTC 2026
Commit automático Sun Feb 22 13:38:50 UTC 2026
Commit automático Mon Feb 23 14:04:02 UTC 2026
Commit automático Tue Feb 24 14:06:49 UTC 2026
Commit automático Wed Feb 25 14:05:50 UTC 2026
Commit automático Thu Feb 26 14:05:55 UTC 2026
Commit automático Fri Feb 27 13:55:18 UTC 2026
Commit automático Sat Feb 28 13:32:13 UTC 2026
Commit automático Sun Mar  1 13:34:51 UTC 2026
Commit automático Mon Mar  2 13:55:34 UTC 2026
Commit automático Tue Mar  3 13:54:50 UTC 2026
Commit automático Wed Mar  4 13:52:45 UTC 2026
Commit automático Thu Mar  5 13:57:23 UTC 2026
Commit automático Fri Mar  6 13:49:52 UTC 2026
Commit automático Sat Mar  7 13:34:15 UTC 2026
Commit automático Sun Mar  8 13:35:32 UTC 2026
Commit automático Mon Mar  9 14:01:26 UTC 2026
Commit automático Tue Mar 10 13:57:10 UTC 2026
Commit automático Wed Mar 11 14:01:17 UTC 2026
Commit automático Thu Mar 12 13:58:34 UTC 2026
Commit automático Fri Mar 13 13:55:20 UTC 2026
Commit automático Sat Mar 14 13:40:28 UTC 2026
Commit automático Sun Mar 15 13:41:32 UTC 2026
Commit automático Mon Mar 16 14:18:22 UTC 2026
Commit automático Tue Mar 17 14:16:00 UTC 2026
Commit automático Wed Mar 18 14:18:58 UTC 2026
Commit automático Thu Mar 19 14:04:25 UTC 2026
Commit automático Fri Mar 20 13:56:58 UTC 2026
Commit automático Sat Mar 21 13:37:26 UTC 2026
Commit automático Sun Mar 22 13:38:52 UTC 2026
Commit automático Mon Mar 23 14:11:32 UTC 2026
Commit automático Tue Mar 24 14:16:27 UTC 2026
Commit automático Wed Mar 25 14:15:25 UTC 2026
Commit automático Thu Mar 26 14:22:37 UTC 2026
Commit automático Fri Mar 27 14:07:05 UTC 2026
Commit automático Sat Mar 28 13:45:19 UTC 2026
Commit automático Sun Mar 29 13:47:52 UTC 2026
Commit automático Mon Mar 30 14:23:10 UTC 2026
Commit automático Tue Mar 31 14:23:43 UTC 2026
Commit automático Wed Apr  1 14:26:05 UTC 2026
Commit automático Thu Apr  2 14:19:12 UTC 2026
Commit automático Fri Apr  3 13:58:18 UTC 2026
Commit automático Sat Apr  4 13:48:08 UTC 2026
Commit automático Sun Apr  5 13:49:15 UTC 2026
Commit automático Mon Apr  6 14:07:37 UTC 2026
Commit automático Tue Apr  7 14:26:59 UTC 2026
Commit automático Wed Apr  8 14:28:55 UTC 2026
Commit automático Thu Apr  9 14:50:23 UTC 2026
Commit automático Fri Apr 10 14:13:32 UTC 2026
Commit automático Sat Apr 11 13:50:47 UTC 2026
